Resolving dependencies...
Downloading packages...
flutter : ClientException 
with SocketException: The 
semaphore timeout period 
has expired.
At line:1 char:1
+ flutter test test/widget/s
creens/wrapper_page_test.dar
t > test_output ...
+ ~~~~~~~~~~~~~~~~~~~~~~~~~~
~~~~~~~~~~~~~~~~~~~~~~~~~~~~
~~~~~~~~~~~~~~~
    + CategoryInfo          
    : NotSpecified: (Clien  
  tException...od has exp   
 ired.:String) [], Remot    
eException
    + FullyQualifiedErrorId 
    : NativeCommandError
 
 (OS Error: The semaphore 
timeout period has expired.
, errno = 121), address = 
pub.dev, port = 64131, uri=h
ttps://pub.dev/api/packages/
archive/advisories
Failed to update packages.
